[master c6f3127] Auto-sync: 2026-05-22 - dotfiles update
 2 files changed, 7 insertions(+)
 create mode 100644 logs/cron-sync.log
[2026-05-22 02:00:03] Committed and pushed: Auto-sync: 2026-05-22 - dotfiles update
[master 45a1dda] Auto-sync: 2026-05-23 - dotfiles update
 1 file changed, 4 insertions(+)
[2026-05-23 02:00:03] Committed and pushed: Auto-sync: 2026-05-23 - dotfiles update
[master e3e8b42] Auto-sync: 2026-05-24 - dotfiles update
 2 files changed, 4 insertions(+), 1 deletion(-)
[2026-05-24 02:00:02] Committed and pushed: Auto-sync: 2026-05-24 - dotfiles update
[master 15642f6] Auto-sync: 2026-05-25 - dotfiles update
 1 file changed, 3 insertions(+)
[2026-05-25 02:00:03] Committed and pushed: Auto-sync: 2026-05-25 - dotfiles update
[master b1f339e] Auto-sync: 2026-05-27 - dotfiles update
 1 file changed, 3 insertions(+)
[2026-05-27 02:00:03] Committed and pushed: Auto-sync: 2026-05-27 - dotfiles update
[master f10a17a] Auto-sync: 2026-05-28 - dotfiles update
 1 file changed, 3 insertions(+)
[2026-05-28 02:00:03] Committed and pushed: Auto-sync: 2026-05-28 - dotfiles update
[master 751465b] Auto-sync: 2026-05-29 - dotfiles update
 1 file changed, 3 insertions(+)
[2026-05-29 02:00:03] Committed and pushed: Auto-sync: 2026-05-29 - dotfiles update
[master ad7f4d0] Auto-sync: 2026-06-03 - dotfiles update
 1 file changed, 3 insertions(+)
[2026-06-03 02:00:03] Committed and pushed: Auto-sync: 2026-06-03 - dotfiles update
[master 4cfb4cc] Auto-sync: 2026-06-04 - dotfiles update
 1 file changed, 3 insertions(+)
[2026-06-04 02:00:03] Committed and pushed: Auto-sync: 2026-06-04 - dotfiles update
[master 0d0ace0] Auto-sync: 2026-06-05 - dotfiles update
 1 file changed, 3 insertions(+)
[2026-06-05 02:00:03] Committed and pushed: Auto-sync: 2026-06-05 - dotfiles update
[master 32b8552] Auto-sync: 2026-06-06 - dotfiles update
 1 file changed, 3 insertions(+)
[2026-06-06 02:00:04] Committed and pushed: Auto-sync: 2026-06-06 - dotfiles update
